max_provinces = 2137
definitions = "definition.csv"
provinces = "provinces.bmp"
positions = "positions.txt"
terrain = "terrain.bmp"
rivers = "rivers.bmp"
terrain_definition = "terrain.txt"
heightmap = "topology.bmp"
tree_definition = "trees.bmp"
continent = "continent.txt"
adjacencies = "adjacencies.csv"
climate = "climate.txt"
region = "island_region.txt"
geographical_region = "geographical_region.txt"
static = "statics"
seasons = "seasons.txt"

# Atlantic 1
sea_zones = { 870 913 }
# Atlantic 2
sea_zones = { 1443 1588 }
# Pacific 3
sea_zones = { 1589 1626 }
# Lakes 4
sea_zones = { 1301 1442 }
# Lakes 5
sea_zones = { 1627 1726 }
# Pacific 6
sea_zones = { 914 922 }
# Atlantic 7
sea_zones = { 923 963 }

ocean_region = {	
	sea_zones = { 1 2 7 } # Atlantic Ocean
}

ocean_region = {	
	sea_zones = { 3 6 } # Pacific Ocean
}

ocean_region = {	
	sea_zones = { 4 5 } # Lakes
}


# Define which indices in trees.bmp palette which should count as trees for automatic terrain assignment
tree = { 3 4 7 10 }

major_rivers = {
	898 1488 1450 1487 1560 1486 #Champlain to Hudson River
	939 954 1497 1498 1448 #Ohio River
	949 950 1449 1518 1549 1563 #Mississippi River
	932 1550 1551 1561 1562 #Missouri River
	1553 1555 #Illinois River/Chicago Canal
	948 962 1546 # Red River
	959 960 1559 1586 #Rio Grande
	947 961 1556 1557 #Arkansas River
	1612 1613 #Colorado River
	921 1618 1619 #Sacramento River
	920 1615 1616 1617 1626 #Columbia River
	1443 1460 1461 1462 #Rio Magdalena
	956 957 1445 1446 1463 1464 #Rio Orinoco
	935 936 1558 #Tombigbee/Mobile River
	933 934 952 1496 #Tennessee River
	1444 #Essequibo River
	913 #Saguenay River
	899 #Delaware Canal
	937 938#Cumberland River
	940 #Altamaha River
	941 943 #Apalachicola
	942 #Connecticut
	922 #Willamette River
	945 951 #White River
	953 #Kentucky River
	885 886 887 #Nelson River
	875 876 877 878 879 880 881 882 883 884 #Lake Winnipeg
	870 871 872 873 874 923 924 925 926 #Saskatechewan Rivers
	927 928 929 930 931 #Churchill River
	955 #Atchafalaya River
	958 #Wabash River
	963 #Old Pearl River
}

externals = { 637 638 2131 2132 2133 }
