max_provinces = 3178
sea_starts = 3093
definitions = "definition.csv"
provinces = "provinces.bmp"
positions = "positions.txt"
terrain = "terrain.bmp"
rivers = "rivers.bmp"
terrain_definition = "terrain.txt"
heightmap = "topology.bmp"
tree_definition = "trees.bmp"
continent = "continent.txt"
adjacencies = "adjacencies.csv"
climate = "climate.txt"
region = "region.txt"
static = "static.txt"

# Atlantic Seas
sea_zones = { 3093 3177 }
#sea_zones = { 3093 3106 } # Atlantic 1
#sea_zones = { 3107 3109 } # Hudson & Erie
#sea_zones = { 3110 3115 } # Atlantic 2
#sea_zones = { 3116 3119 } # Mississippi
#sea_zones = { 3120 3140 } # Atlantic 3
#sea_zones = { 3141 3141 } # Mississippi
#sea_zones = { 3142 3170 } # Atlantic 4
#sea_zones = { 3171 3171 } # Red River
#sea_zones = { 3172 3172 } # Atlantic 5
#sea_zones = { 3173 3177 } # Mississippi & Missouri

ocean_region = {	
	sea_zones = { 1 3 5 7 9 } # Atlantic Ocean
}

# Define which indices in trees.bmp palette which should count as trees for automatic terrain assignment
tree = { 3 4 7 10 }

major_rivers = { 
	3107 3108 3109
	3116 
	3117 3118 3119 # Ohio River
	3141 3173 3174 3175 3176 3177
}
