max_provinces = 3390
definitions = "definition.csv"
provinces = "provinces.bmp"
positions = "positions.txt"
terrain = "terrain.bmp"
rivers = "rivers.bmp"
terrain_definition = "terrain.txt"
heightmap = "topology.bmp"
tree_definition = "trees.bmp"
continent = "continent.txt"
adjacencies = "adjacencies.csv"
climate = "climate.txt"
region = "island_region.txt"
geographical_region = "geographical_region.txt"
static = "statics"
seasons = "seasons.txt"

# Atlantic
sea_zones = { 1448 1588 }
# Pacific
sea_zones = { 1589 1623 }
# Lakes
sea_zones = { 1301 1447 }

ocean_region = {	
	sea_zones = { 1 } # Atlantic Ocean
}

ocean_region = {	
	sea_zones = { 2 } # Pacific Ocean
}

# Define which indices in trees.bmp palette which should count as trees for automatic terrain assignment
tree = { 3 4 7 10 }

major_rivers = {
	1488 1450 1487 1560 1486 #Erie Canal to Hudson River
	1497 1498 1448 #Ohio River
	1495 1547 1548 1552 1518 1549 1554 1563 1449 #Mississippi River
	1550 1551 1561 1562 #Missouri River
	1553 1555 #Illinois River/Chicago Canal
	1546 # Red River
	1559 1586 #Rio Grande
	1556 1557 #Arkansas River
	1612 1613 #Colorado River
	1618 1619 #Sacramento River
	1614 1615 1616 1617 #Columbia River
	1460 1461 1462 #Rio Magdalena
	1463 1464 #Rio Orinoco
	1558 #Tombigbee River
	1496 #Tennessee River
}

externals = { 637 638 
}
